// Jest Snapshot v1, https://goo.gl/fbAQLP

exports[`Search bar should show the value from local storage 1`] = `
<div>
  <label
    class="my-2"
  >
    <input
      placeholder="Search bar"
      type="text"
      value="test1"
    />
  </label>
</div>
`;
